commit: 04da7a29424de2e3fa3678d81b9daa6eca6876e5
mode: full
status: success
finished_at: 2026-10-09 10:19:31 JST
run_url: https://github.com/bearicekma/stats-api/actions/runs/37868657899
----
🚀 法人番号 全件データ 収集開始 mode=full
🔎 トークン: あり / リンク 167件 / CSV・Unicode 対応付け 48件
  ✔ 01 北海道: 235,513件（存続 206,462 / 閉鎖 29,051）01_hokkaido_all_20260930.zip
  ✔ 02 青森県: 38,669件（存続 33,456 / 閉鎖 5,213）02_aomori_all_20260930.zip
  ✔ 03 岩手県: 34,522件（存続 29,566 / 閉鎖 4,956）03_iwate_all_20260930.zip
  ✔ 04 宮城県: 83,356件（存続 71,724 / 閉鎖 11,632）04_miyagi_all_20260930.zip
  ✔ 05 秋田県: 31,067件（存続 26,760 / 閉鎖 4,307）05_akita_all_20260930.zip
  ✔ 06 山形県: 34,288件（存続 29,534 / 閉鎖 4,754）06_yamagata_all_20260930.zip
  ✔ 07 福島県: 73,275件（存続 63,766 / 閉鎖 9,509）07_fukushima_all_20260930.zip
  ✔ 08 茨城県: 97,436件（存続 84,484 / 閉鎖 12,952）08_ibaraki_all_20260930.zip
  ✔ 09 栃木県: 76,503件（存続 64,371 / 閉鎖 12,132）09_tochigi_all_20260930.zip
  ✔ 10 群馬県: 78,262件（存続 66,232 / 閉鎖 12,030）10_gunma_all_20260930.zip
  ✔ 11 埼玉県: 269,073件（存続 234,024 / 閉鎖 35,049）11_saitama_all_20260930.zip
  ✔ 12 千葉県: 235,040件（存続 205,808 / 閉鎖 29,232）12_chiba_all_20260930.zip
  ✔ 13 東京都: 1,369,547件（存続 1,174,226 / 閉鎖 195,321）13_tokyo_all_20260930_01.zip + 13_tokyo_all_20260930_02.zip
  ✔ 14 神奈川県: 376,698件（存続 326,299 / 閉鎖 50,399）14_kanagawa_all_20260930.zip
  ✔ 15 新潟県: 76,954件（存続 64,823 / 閉鎖 12,131）15_niigata_all_20260930.zip
  ✔ 16 富山県: 36,973件（存続 31,851 / 閉鎖 5,122）16_toyama_all_20260930.zip
  ✔ 17 石川県: 44,964件（存続 38,864 / 閉鎖 6,100）17_ishikawa_all_20260930.zip
  ✔ 18 福井県: 31,460件（存続 26,905 / 閉鎖 4,555）18_fukui_all_20260930.zip
  ✔ 19 山梨県: 36,029件（存続 31,628 / 閉鎖 4,401）19_yamanashi_all_20260930.zip
  ✔ 20 長野県: 81,766件（存続 70,319 / 閉鎖 11,447）20_nagano_all_20260930.zip
  ✔ 21 岐阜県: 74,706件（存続 63,314 / 閉鎖 11,392）21_gifu_all_20260930.zip
  ✔ 22 静岡県: 129,493件（存続 108,981 / 閉鎖 20,512）22_shizuoka_all_20260930.zip
  ✔ 23 愛知県: 288,839件（存続 244,510 / 閉鎖 44,329）23_aichi_all_20260930.zip
  ✔ 24 三重県: 57,088件（存続 48,938 / 閉鎖 8,150）24_mie_all_20260930.zip
  ✔ 25 滋賀県: 44,241件（存続 38,994 / 閉鎖 5,247）25_shiga_all_20260930.zip
  ✔ 26 京都府: 115,795件（存続 101,622 / 閉鎖 14,173）26_kyoto_all_20260930.zip
  ✔ 27 大阪府: 487,622件（存続 425,539 / 閉鎖 62,083）27_osaka_all_20260930.zip
  ✔ 28 兵庫県: 205,980件（存続 180,766 / 閉鎖 25,214）28_hyogo_all_20260930.zip
  ✔ 29 奈良県: 41,626件（存続 36,865 / 閉鎖 4,761）29_nara_all_20260930.zip
  ✔ 30 和歌山県: 31,656件（存続 27,377 / 閉鎖 4,279）30_wakayama_all_20260930.zip
  ✔ 31 鳥取県: 20,258件（存続 17,449 / 閉鎖 2,809）31_tottori_all_20260930.zip
  ✔ 32 島根県: 23,205件（存続 19,890 / 閉鎖 3,315）32_shimane_all_20260930.zip
  ✔ 33 岡山県: 74,923件（存続 64,994 / 閉鎖 9,929）33_okayama_all_20260930.zip
  ✔ 34 広島県: 113,791件（存続 98,529 / 閉鎖 15,262）34_hiroshima_all_20260930.zip
  ✔ 35 山口県: 43,293件（存続 36,989 / 閉鎖 6,304）35_yamaguchi_all_20260930.zip
  ✔ 36 徳島県: 31,276件（存続 27,077 / 閉鎖 4,199）36_tokushima_all_20260930.zip
  ✔ 37 香川県: 40,320件（存続 34,229 / 閉鎖 6,091）37_kagawa_all_20260930.zip
  ✔ 38 愛媛県: 53,353件（存続 46,012 / 閉鎖 7,341）38_ehime_all_20260930.zip
  ✔ 39 高知県: 26,246件（存続 22,728 / 閉鎖 3,518）39_kochi_all_20260930.zip
  ✔ 40 福岡県: 219,053件（存続 194,324 / 閉鎖 24,729）40_fukuoka_all_20260930.zip
  ✔ 41 佐賀県: 25,279件（存続 22,216 / 閉鎖 3,063）41_saga_all_20260930.zip
  ✔ 42 長崎県: 42,766件（存続 36,959 / 閉鎖 5,807）42_nagasaki_all_20260930.zip
  ✔ 43 熊本県: 72,125件（存続 64,028 / 閉鎖 8,097）43_kumamoto_all_20260930.zip
  ✔ 44 大分県: 48,429件（存続 42,944 / 閉鎖 5,485）44_oita_all_20260930.zip
  ✔ 45 宮崎県: 39,871件（存続 35,038 / 閉鎖 4,833）45_miyazaki_all_20260930.zip
  ✔ 46 鹿児島県: 59,799件（存続 52,580 / 閉鎖 7,219）46_kagoshima_all_20260930.zip
  ✔ 47 沖縄県: 65,324件（存続 59,341 / 閉鎖 5,983）47_okinawa_all_20260930.zip
  ✔ 99 国外: 20,228件（存続 20,163 / 閉鎖 65）99_kokugai_all_20260930.zip
📦 全国1ファイル: 5,837,980行 / 195.4MB
✅ gs://stats-api-491107-data/master/_M_houjin/data.parquet に保存（計 5,837,980件、基準日 2026-09-30）
✅ 終了: 48ファイル
